---
source: crates/ccusage/tests/hermes.rs
expression: table
---
┌───────────────┬─────────────┬──────────┬──────────┬──────────┬─────────────┬───────────┬─────────────┬───────────┐
│ Session       │ Agent       │ Models   │    Input │   Output │       Cache │     Cache │       Total │      Cost │
│               │             │          │          │          │      Create │      Read │      Tokens │     (USD) │
├───────────────┼─────────────┼──────────┼──────────┼──────────┼─────────────┼───────────┼─────────────┼───────────┤
│ alpha/collis… │ Hermes      │ -        │      200 │       20 │           0 │         0 │         220 │     $0.00 │
│               │             │ sonnet-4 │          │          │             │           │             │           │
├───────────────┼─────────────┼──────────┼──────────┼──────────┼─────────────┼───────────┼─────────────┼───────────┤
│ beta/collisi… │ Hermes      │ -        │      300 │       30 │           0 │         0 │         330 │     $0.00 │
│               │             │ sonnet-4 │          │          │             │           │             │           │
├───────────────┼─────────────┼──────────┼──────────┼──────────┼─────────────┼───────────┼─────────────┼───────────┤
│ collision     │ Hermes      │ -        │      100 │       10 │           0 │         0 │         110 │     $0.00 │
│               │             │ sonnet-4 │          │          │             │           │             │           │
├───────────────┼─────────────┼──────────┼──────────┼──────────┼─────────────┼───────────┼─────────────┼───────────┤
│ Total         │             │          │      600 │       60 │           0 │         0 │         660 │     $0.00 │
└───────────────┴─────────────┴──────────┴──────────┴──────────┴─────────────┴───────────┴─────────────┴───────────┘
